Traceback (most recent call last):
  File "/Users/vibarra/Venv/lib/python3.9/site-packages/jupyter_cache/executors/utils.py", line 58, in single_nb_execution
    executenb(
  File "/Users/vibarra/Venv/lib/python3.9/site-packages/nbclient/client.py", line 1314, in execute
    return NotebookClient(nb=nb, resources=resources, km=km, **kwargs).execute()
  File "/Users/vibarra/Venv/lib/python3.9/site-packages/jupyter_core/utils/__init__.py", line 165, in wrapped
    return loop.run_until_complete(inner)
  File "/opt/homebrew/Cellar/python@3.9/3.9.21/Frameworks/Python.framework/Versions/3.9/lib/python3.9/asyncio/base_events.py", line 647, in run_until_complete
    return future.result()
  File "/Users/vibarra/Venv/lib/python3.9/site-packages/nbclient/client.py", line 709, in async_execute
    await self.async_execute_cell(
  File "/Users/vibarra/Venv/lib/python3.9/site-packages/nbclient/client.py", line 1062, in async_execute_cell
    await self._check_raise_for_error(cell, cell_index, exec_reply)
  File "/Users/vibarra/Venv/lib/python3.9/site-packages/nbclient/client.py", line 918, in _check_raise_for_error
    raise CellExecutionError.from_cell_and_msg(cell, exec_reply_content)
nbclient.exceptions.CellExecutionError: An error occurred while executing the following cell:
------------------
def oneHotEncoder(labels):
    return np.sum([(labels[:, i] == 1) * (i + 1) for i in range(4)], axis=0)


np.random.seed(2)
G = to_networkx(data, to_undirected=True)
fig,axs = plt.subplots(1,2,figsize=(10,5))
plt.subplot(121)
plt.axis('off')
nx.draw_networkx(G,pos=nx.kamada_kawai_layout(G),with_labels=True,node_size=200,node_color=data.y,cmap="hsv",
vmin=-2,vmax=3,width=0.8,edge_color="black",font_size=14)

plt.title("Graphe avec labels des classes (couleurs)")
plt.subplot(122)
plt.axis('off')
nx.draw_networkx(G,pos=nx.kamada_kawai_layout(G),with_labels=True,node_size=200,node_color=oneHotEncoder(data.y * mask[:,np.newaxis]),
vmin=-2,vmax=3,width=0.8,edge_color="black",font_size=14)
plt.title("Noeuds d'apprentissage (noeuds jaunes)")
plt.tight_layout()

------------------

----- stderr -----
/Users/vibarra/Venv/lib/python3.9/site-packages/numpy/core/fromnumeric.py:86: FutureWarning: The input object of type 'Tensor' is an array-like implementing one of the corresponding protocols (`__array__`, `__array_interface__` or `__array_struct__`); but not a sequence (or 0-D). In the future, this object will be coerced as if it was first converted using `np.array(obj)`. To retain the old behaviour, you have to either modify the type 'Tensor', or assign to an empty array created with `np.empty(correct_shape, dtype=object)`.
  return ufunc.reduce(obj, axis, dtype, out, **passkwargs)
------------------

[0;31m---------------------------------------------------------------------------[0m
[0;31mValueError[0m                                Traceback (most recent call last)
Cell [0;32mIn[6], line 16[0m
[1;32m     14[0m plt[38;5;241m.[39msubplot([38;5;241m122[39m)
[1;32m     15[0m plt[38;5;241m.[39maxis([38;5;124m'[39m[38;5;124moff[39m[38;5;124m'[39m)
[0;32m---> 16[0m nx[38;5;241m.[39mdraw_networkx(G,pos[38;5;241m=[39mnx[38;5;241m.[39mkamada_kawai_layout(G),with_labels[38;5;241m=[39m[38;5;28;01mTrue[39;00m,node_size[38;5;241m=[39m[38;5;241m200[39m,node_color[38;5;241m=[39m[43moneHotEncoder[49m[43m([49m[43mdata[49m[38;5;241;43m.[39;49m[43my[49m[43m [49m[38;5;241;43m*[39;49m[43m [49m[43mmask[49m[43m[[49m[43m:[49m[43m,[49m[43mnp[49m[38;5;241;43m.[39;49m[43mnewaxis[49m[43m][49m[43m)[49m,
[1;32m     17[0m vmin[38;5;241m=[39m[38;5;241m-[39m[38;5;241m2[39m,vmax[38;5;241m=[39m[38;5;241m3[39m,width[38;5;241m=[39m[38;5;241m0.8[39m,edge_color[38;5;241m=[39m[38;5;124m"[39m[38;5;124mblack[39m[38;5;124m"[39m,font_size[38;5;241m=[39m[38;5;241m14[39m)
[1;32m     18[0m plt[38;5;241m.[39mtitle([38;5;124m"[39m[38;5;124mNoeuds d[39m[38;5;124m'[39m[38;5;124mapprentissage (noeuds jaunes)[39m[38;5;124m"[39m)
[1;32m     19[0m plt[38;5;241m.[39mtight_layout()

Cell [0;32mIn[6], line 2[0m, in [0;36moneHotEncoder[0;34m(labels)[0m
[1;32m      1[0m [38;5;28;01mdef[39;00m [38;5;21moneHotEncoder[39m(labels):
[0;32m----> 2[0m     [38;5;28;01mreturn[39;00m [43mnp[49m[38;5;241;43m.[39;49m[43msum[49m[43m([49m[43m[[49m[43m([49m[43mlabels[49m[43m[[49m[43m:[49m[43m,[49m[43m [49m[43mi[49m[43m][49m[43m [49m[38;5;241;43m==[39;49m[43m [49m[38;5;241;43m1[39;49m[43m)[49m[43m [49m[38;5;241;43m*[39;49m[43m [49m[43m([49m[43mi[49m[43m [49m[38;5;241;43m+[39;49m[43m [49m[38;5;241;43m1[39;49m[43m)[49m[43m [49m[38;5;28;43;01mfor[39;49;00m[43m [49m[43mi[49m[43m [49m[38;5;129;43;01min[39;49;00m[43m [49m[38;5;28;43mrange[39;49m[43m([49m[38;5;241;43m4[39;49m[43m)[49m[43m][49m[43m,[49m[43m [49m[43maxis[49m[38;5;241;43m=[39;49m[38;5;241;43m0[39;49m[43m)[49m

File [0;32m<__array_function__ internals>:200[0m, in [0;36msum[0;34m(*args, **kwargs)[0m

File [0;32m~/Venv/lib/python3.9/site-packages/numpy/core/fromnumeric.py:2324[0m, in [0;36msum[0;34m(a, axis, dtype, out, keepdims, initial, where)[0m
[1;32m   2321[0m         [38;5;28;01mreturn[39;00m out
[1;32m   2322[0m     [38;5;28;01mreturn[39;00m res
[0;32m-> 2324[0m [38;5;28;01mreturn[39;00m [43m_wrapreduction[49m[43m([49m[43ma[49m[43m,[49m[43m [49m[43mnp[49m[38;5;241;43m.[39;49m[43madd[49m[43m,[49m[43m [49m[38;5;124;43m'[39;49m[38;5;124;43msum[39;49m[38;5;124;43m'[39;49m[43m,[49m[43m [49m[43maxis[49m[43m,[49m[43m [49m[43mdtype[49m[43m,[49m[43m [49m[43mout[49m[43m,[49m[43m [49m[43mkeepdims[49m[38;5;241;43m=[39;49m[43mkeepdims[49m[43m,[49m
[1;32m   2325[0m [43m                      [49m[43minitial[49m[38;5;241;43m=[39;49m[43minitial[49m[43m,[49m[43m [49m[43mwhere[49m[38;5;241;43m=[39;49m[43mwhere[49m[43m)[49m

File [0;32m~/Venv/lib/python3.9/site-packages/numpy/core/fromnumeric.py:86[0m, in [0;36m_wrapreduction[0;34m(obj, ufunc, method, axis, dtype, out, **kwargs)[0m
[1;32m     83[0m         [38;5;28;01melse[39;00m:
[1;32m     84[0m             [38;5;28;01mreturn[39;00m reduction(axis[38;5;241m=[39maxis, out[38;5;241m=[39mout, [38;5;241m*[39m[38;5;241m*[39mpasskwargs)
[0;32m---> 86[0m [38;5;28;01mreturn[39;00m [43mufunc[49m[38;5;241;43m.[39;49m[43mreduce[49m[43m([49m[43mobj[49m[43m,[49m[43m [49m[43maxis[49m[43m,[49m[43m [49m[43mdtype[49m[43m,[49m[43m [49m[43mout[49m[43m,[49m[43m [49m[38;5;241;43m*[39;49m[38;5;241;43m*[39;49m[43mpasskwargs[49m[43m)[49m

[0;31mValueError[0m: setting an array element with a sequence. The requested array has an inhomogeneous shape after 1 dimensions. The detected shape was (4,) + inhomogeneous part.

